[www.sushicatmeme.com/index.html]
[backblue.gif]
[fade.gif]
[index.html]
[assets.squarespace.com/@sqs/polyfiller/1.6/legacy.js]
[assets.squarespace.com/universal/scripts-compressed/extract-css-runtime-5f69a873fdb8713dfc60-min.en-US.js]
[assets.squarespace.com/universal/scripts-compressed/cldr-resource-pack-e94539391642d3b99900-min.en-US.js]
[assets.squarespace.com/@sqs/polyfiller/1.6/modern.js]
[assets.squarespace.com/universal/scripts-compressed/common-vendors-stable-4a7e52840bc34052dfdc-min.en-US.js]
[assets.squarespace.com/universal/scripts-compressed/extract-css-moment-js-vendor-6f117db4eb7fd4392375-min.en-US.js]
[assets.squarespace.com/universal/styles-compressed/user-account-core-e84acd73aa5ee3fcd4ad-min.en-US.css]
[assets.squarespace.com/universal/scripts-compressed/performance-3445932759109c18fa78-min.en-US.js]
[static1.squarespace.com/static/versioned-site-css/66381133cba4d75ef915bc6e/10/5c5a519771c10ba3470d8101/66381133cba4d75ef915bc75/1523/site.css]
[static1.squarespace.com/static/vta/5c5a519771c10ba3470d8101/versioned-assets/1715197027547-1FGVIYTO5FID3JQL1XAN/static.css]
[assets.squarespace.com/universal/scripts-compressed/user-account-core-5a15dd982a9388107c5c-min.en-US.js]
[www.sushicatmeme.com/cart.html]
[www.sushicatmeme.com/about.html]
[images.squarespace-cdn.com/content/v1/66381133cba4d75ef915bc6e/4562f153-53c2-481a-9471-191992256f91/image_123650291+(2).jpg]
[images.squarespace-cdn.com/content/v1/66381133cba4d75ef915bc6e/52ed3802-82d5-4bed-84f2-54a68645347d/image_123650291+(3).jpg]
[assets.squarespace.com/universal/scripts-compressed/common-vendors-97fc20d3b1d7a657378b-min.en-US.js]
[images.squarespace-cdn.com/content/v1/66381133cba4d75ef915bc6e/5d694051-752b-41f0-83b0-f939fca0f1dd/telegram-logo-telegram-logo-transparent-telegram-icon-transparent-free-free-png.jpg]
[images.squarespace-cdn.com/content/v1/66381133cba4d75ef915bc6e/c568762d-10fc-4d23-b99c-a9ab74a23d3d/OIP+(1).jpg]
[images.squarespace-cdn.com/content/v1/66381133cba4d75ef915bc6e/764a5385-d6f9-4217-8114-d29d0809e082/1658588720instagram-logo-black-and-white.jpg]
[www.sushicatmeme.com/index.html]
[static1.squarespace.com/static/vta/5c5a519771c10ba3470d8101/scripts/site-bundle.d000490d56799ef0c7f535a69682ca3c.js]
[assets.squarespace.com/universal/scripts-compressed/common-52ddc2017433136d93b8-min.en-US.js]
[assets.squarespace.com/universal/styles-compressed/user-account-core-e84acd73aa5ee3fcd4ad-min.en-US.css]
[assets.squarespace.com/universal/images-v6/damask/error-dark.png]
[assets.squarespace.com/universal/images-v6/damask/error-dark@2x.png]
[assets.squarespace.com/universal/images-v6/damask/play-button.png]
[assets.squarespace.com/universal/images-v6/damask/play-button@2x.png]
[assets.squarespace.com/universal/images-v6/damask/edit-aviary-light.png]
[assets.squarespace.com/universal/images-v6/damask/edit-aviary-light@2x.png]
[assets.squarespace.com/universal/images-v6/damask/edit-info-light.png]
[assets.squarespace.com/universal/images-v6/damask/edit-info-light@2x.png]
[assets.squarespace.com/universal/images-v6/damask/trash-9-light.png]
[assets.squarespace.com/universal/images-v6/damask/trash-9-light@2x.png]
[assets.squarespace.com/universal/images-v6/damask/trash-9-red.png]
[assets.squarespace.com/universal/images-v6/damask/trash-9-red@2x.png]
[assets.squarespace.com/universal/images-v6/damask/getty-16-light.png]
[assets.squarespace.com/universal/images-v6/damask/getty-32-light.png]
[assets.squarespace.com/universal/images-v6/damask/shopping-cart-16-light.png]
[assets.squarespace.com/universal/images-v6/damask/shopping-cart-32-light.png]
[assets.squarespace.com/universal/images-v6/icons/block-indicator-dark.png]
[assets.squarespace.com/universal/images-v6/icons/block-indicator-dark@2x.png]
[assets.squarespace.com/universal/images-v6/icons/opentable-icons.png]
[assets.squarespace.com/universal/images-v6/icons/icon-searchqueries-20-dark.png]
[assets.squarespace.com/universal/images-v6/icons/icon-searchqueries-20-light.png]
[assets.squarespace.com/universal/images-v6/icons/icon-video-24-light-solid.png]
[assets.squarespace.com/universal/images-v6/standard/icon_close_7_light.png]
[assets.squarespace.com/universal/images-v6/icons/icon-settings-16-light.png]
[static1.squarespace.com/static/versioned-site-css/66381133cba4d75ef915bc6e/10/5c5a519771c10ba3470d8101/66381133cba4d75ef915bc75/1523/site.css]
[static1.squarespace.com/static/vta/5c5a519771c10ba3470d8101/versioned-assets/1715197027547-1FGVIYTO5FID3JQL1XAN/static.css]
[www.sushicatmeme.com/cart.html]
[images.squarespace-cdn.com/content/v1/6581fd2d9a7c875e912e0907/838def3e-d424-4283-ac90-6e9bc422b6ee/4184049.jpg]
[images.squarespace-cdn.com/content/v1/6581fd2d9a7c875e912e0907/a5f53f79-f8ad-4ad3-941a-d9fcf0df2394/Sleek+Objects+2.jpg]
[www.sushicatmeme.com/services.34.delayed]
[www.sushicatmeme.com/about.html]
[www.sushicatmeme.com/services.html]
